../Drivers/CMSIS/Include/core_cm4.h:1933:34:__NVIC_SystemReset	4	static,ignoring_inline_asm
../Core/Src/main.c:89:6:JumpToDFU	8	static
../Core/Src/main.c:102:5:main	648	static,ignoring_inline_asm
../Core/Src/main.c:254:6:SystemClock_Config	88	static
../Core/Src/main.c:301:13:MX_SPI1_Init	8	static
../Core/Src/main.c:341:13:MX_SPI3_Init	8	static
../Core/Src/main.c:381:13:MX_TIM1_Init	120	static
../Core/Src/main.c:463:13:MX_TIM2_Init	64	static
../Core/Src/main.c:526:13:MX_USART1_UART_Init	8	static
../Core/Src/main.c:572:13:MX_DMA_Init	16	static
../Core/Src/main.c:591:13:MX_GPIO_Init	48	static
../Core/Src/main.c:650:6:LPS22DF_Write	24	static
../Core/Src/main.c:657:9:LPS22DF_Read	32	static
../Core/Src/main.c:666:6:LPS22DF_ReadBlock	96	static
../Core/Src/main.c:677:6:BMI270_Write	24	static
../Core/Src/main.c:684:9:BMI270_Read	32	static
../Core/Src/main.c:693:6:BMI270_ReadBlock	96	static
../Core/Src/main.c:703:6:BMI270_LoadConfig	280	static
../Core/Src/main.c:736:6:Error_Handler	4	static,ignoring_inline_asm
